0.85
0.219302
0.0778443
0.202115
0.219302
0.281437
