1754.876031
1438.322785
1080.001794
957.691923
911.195246
759.177796
695.293039
646.297559
599.166527
538.317909
517.956071
473.802174
459.206288
438.861392
421.206386
