422.906700
361.552731
268.316560
235.708580
223.290532
189.496399
162.195107
151.590903
140.346310
133.104904
119.540182
116.963259
109.594195
103.132954
100.467828
