440.417013
363.145784
279.734131
238.139060
226.984990
193.166470
174.347739
161.672764
147.812135
129.977376
128.206632
118.757460
115.197549
107.645970
106.860620
