1687.547556
1433.846367
1041.047939
949.291728
895.488395
747.238799
646.584296
608.759284
566.890802
539.686311
495.433620
469.921593
434.353694
415.825352
396.231013
